// Jest Snapshot v1, https://goo.gl/fbAQLP

exports[`Default layout is renders correctly 1`] = `
<el-select placeholder="Select one">
  <el-option label="Time picker" value="time"></el-option>
  <el-option label="Yes/No" value="boolean"></el-option>
  <el-option label="Select variant" value="select"></el-option>
  <el-option label="Mood rating" value="mood"></el-option>
</el-select>
`;
